Archive member included to satisfy reference by file (symbol)

D:/STM/STM32CubeIDE_1.16.0/STM32CubeIDE/plugins/com.st.stm32cube.ide.mcu.externaltools.gnu-tools-for-stm32.12.3.rel1.win32_1.0.200.202406191623/tools/bin/../lib/gcc/arm-none-eabi/12.3.1/../../../../arm-none-eabi/lib/thumb/v7e-m+dp/hard\libc_nano.a(libc_a-exit.o)
                              D:/STM/STM32CubeIDE_1.16.0/STM32CubeIDE/plugins/com.st.stm32cube.ide.mcu.externaltools.gnu-tools-for-stm32.12.3.rel1.win32_1.0.200.202406191623/tools/bin/../lib/gcc/arm-none-eabi/12.3.1/../../../../arm-none-eabi/lib/thumb/v7e-m+dp/hard/crt0.o (exit)
D:/STM/STM32CubeIDE_1.16.0/STM32CubeIDE/plugins/com.st.stm32cube.ide.mcu.externaltools.gnu-tools-for-stm32.12.3.rel1.win32_1.0.200.202406191623/tools/bin/../lib/gcc/arm-none-eabi/12.3.1/../../../../arm-none-eabi/lib/thumb/v7e-m+dp/hard\libc_nano.a(libc_a-findfp.o)
                              D:/STM/STM32CubeIDE_1.16.0/STM32CubeIDE/plugins/com.st.stm32cube.ide.mcu.externaltools.gnu-tools-for-stm32.12.3.rel1.win32_1.0.200.202406191623/tools/bin/../lib/gcc/arm-none-eabi/12.3.1/../../../../arm-none-eabi/lib/thumb/v7e-m+dp/hard\libc_nano.a(libc_a-exit.o) (__stdio_exit_handler)
D:/STM/STM32CubeIDE_1.16.0/STM32CubeIDE/plugins/com.st.stm32cube.ide.mcu.externaltools.gnu-tools-for-stm32.12.3.rel1.win32_1.0.200.202406191623/tools/bin/../lib/gcc/arm-none-eabi/12.3.1/../../../../arm-none-eabi/lib/thumb/v7e-m+dp/hard\libc_nano.a(libc_a-fwalk.o)
                              D:/STM/STM32CubeIDE_1.16.0/STM32CubeIDE/plugins/com.st.stm32cube.ide.mcu.externaltools.gnu-tools-for-stm32.12.3.rel1.win32_1.0.200.202406191623/tools/bin/../lib/gcc/arm-none-eabi/12.3.1/../../../../arm-none-eabi/lib/thumb/v7e-m+dp/hard\libc_nano.a(libc_a-findfp.o) (_fwalk_sglue)
D:/STM/STM32CubeIDE_1.16.0/STM32CubeIDE/plugins/com.st.stm32cube.ide.mcu.externaltools.gnu-tools-for-stm32.12.3.rel1.win32_1.0.200.202406191623/tools/bin/../lib/gcc/arm-none-eabi/12.3.1/../../../../arm-none-eabi/lib/thumb/v7e-m+dp/hard\libc_nano.a(libc_a-stdio.o)
                              D:/STM/STM32CubeIDE_1.16.0/STM32CubeIDE/plugins/com.st.stm32cube.ide.mcu.externaltools.gnu-tools-for-stm32.12.3.rel1.win32_1.0.200.202406191623/tools/bin/../lib/gcc/arm-none-eabi/12.3.1/../../../../arm-none-eabi/lib/thumb/v7e-m+dp/hard\libc_nano.a(libc_a-findfp.o) (__sread)
D:/STM/STM32CubeIDE_1.16.0/STM32CubeIDE/plugins/com.st.stm32cube.ide.mcu.externaltools.gnu-tools-for-stm32.12.3.rel1.win32_1.0.200.202406191623/tools/bin/../lib/gcc/arm-none-eabi/12.3.1/../../../../arm-none-eabi/lib/thumb/v7e-m+dp/hard\libc_nano.a(libc_a-memset.o)
                              D:/STM/STM32CubeIDE_1.16.0/STM32CubeIDE/plugins/com.st.stm32cube.ide.mcu.externaltools.gnu-tools-for-stm32.12.3.rel1.win32_1.0.200.202406191623/tools/bin/../lib/gcc/arm-none-eabi/12.3.1/../../../../arm-none-eabi/lib/thumb/v7e-m+dp/hard/crt0.o (memset)
D:/STM/STM32CubeIDE_1.16.0/STM32CubeIDE/plugins/com.st.stm32cube.ide.mcu.externaltools.gnu-tools-for-stm32.12.3.rel1.win32_1.0.200.202406191623/tools/bin/../lib/gcc/arm-none-eabi/12.3.1/../../../../arm-none-eabi/lib/thumb/v7e-m+dp/hard\libc_nano.a(libc_a-closer.o)
                              D:/STM/STM32CubeIDE_1.16.0/STM32CubeIDE/plugins/com.st.stm32cube.ide.mcu.externaltools.gnu-tools-for-stm32.12.3.rel1.win32_1.0.200.202406191623/tools/bin/../lib/gcc/arm-none-eabi/12.3.1/../../../../arm-none-eabi/lib/thumb/v7e-m+dp/hard\libc_nano.a(libc_a-stdio.o) (_close_r)
D:/STM/STM32CubeIDE_1.16.0/STM32CubeIDE/plugins/com.st.stm32cube.ide.mcu.externaltools.gnu-tools-for-stm32.12.3.rel1.win32_1.0.200.202406191623/tools/bin/../lib/gcc/arm-none-eabi/12.3.1/../../../../arm-none-eabi/lib/thumb/v7e-m+dp/hard\libc_nano.a(libc_a-reent.o)
                              D:/STM/STM32CubeIDE_1.16.0/STM32CubeIDE/plugins/com.st.stm32cube.ide.mcu.externaltools.gnu-tools-for-stm32.12.3.rel1.win32_1.0.200.202406191623/tools/bin/../lib/gcc/arm-none-eabi/12.3.1/../../../../arm-none-eabi/lib/thumb/v7e-m+dp/hard\libc_nano.a(libc_a-closer.o) (errno)
D:/STM/STM32CubeIDE_1.16.0/STM32CubeIDE/plugins/com.st.stm32cube.ide.mcu.externaltools.gnu-tools-for-stm32.12.3.rel1.win32_1.0.200.202406191623/tools/bin/../lib/gcc/arm-none-eabi/12.3.1/../../../../arm-none-eabi/lib/thumb/v7e-m+dp/hard\libc_nano.a(libc_a-impure.o)
                              D:/STM/STM32CubeIDE_1.16.0/STM32CubeIDE/plugins/com.st.stm32cube.ide.mcu.externaltools.gnu-tools-for-stm32.12.3.rel1.win32_1.0.200.202406191623/tools/bin/../lib/gcc/arm-none-eabi/12.3.1/../../../../arm-none-eabi/lib/thumb/v7e-m+dp/hard\libc_nano.a(libc_a-reent.o) (_impure_ptr)
D:/STM/STM32CubeIDE_1.16.0/STM32CubeIDE/plugins/com.st.stm32cube.ide.mcu.externaltools.gnu-tools-for-stm32.12.3.rel1.win32_1.0.200.202406191623/tools/bin/../lib/gcc/arm-none-eabi/12.3.1/../../../../arm-none-eabi/lib/thumb/v7e-m+dp/hard\libc_nano.a(libc_a-lseekr.o)
[...]
Memory Configuration

Name             Origin             Length             Attributes
RAM_D1           0x24000000         0x00080000         xrw
FLASH            0x08000000         0x00100000         xr
DTCMRAM          0x20000000         0x00020000         xrw
RAM_D2           0x30000000         0x00048000         xrw
RAM_D3           0x38000000         0x00010000         xrw
ITCMRAM          0x00000000         0x00010000         xrw
*default*        0x00000000         0xffffffff

Linker script and memory map

LOAD D:/STM/STM32CubeIDE_1.16.0/STM32CubeIDE/plugins/com.st.stm32cube.ide.mcu.externaltools.gnu-tools-for-stm32.12.3.rel1.win32_1.0.200.202406191623/tools/bin/../lib/gcc/arm-none-eabi/12.3.1/thumb/v7e-m+dp/hard/crti.o
LOAD D:/STM/STM32CubeIDE_1.16.0/STM32CubeIDE/plugins/com.st.stm32cube.ide.mcu.externaltools.gnu-tools-for-stm32.12.3.rel1.win32_1.0.200.202406191623/tools/bin/../lib/gcc/arm-none-eabi/12.3.1/thumb/v7e-m+dp/hard/crtbegin.o
LOAD D:/STM/STM32CubeIDE_1.16.0/STM32CubeIDE/plugins/com.st.stm32cube.ide.mcu.externaltools.gnu-tools-for-stm32.12.3.rel1.win32_1.0.200.202406191623/tools/bin/../lib/gcc/arm-none-eabi/12.3.1/../../../../arm-none-eabi/lib/thumb/v7e-m+dp/hard/crt0.o
LOAD ./Common/Src/system_stm32h7xx_dualcore_boot_cm4_cm7.o
LOAD ./Core/Src/ad5544.o
LOAD ./Core/Src/ad7533.o
LOAD ./Core/Src/adg506.o
LOAD ./Core/Src/adg508.o
LOAD ./Core/Src/main.o
LOAD ./Core/Src/mx574.o
LOAD ./Core/Src/stm32h7xx_hal_msp.o
LOAD ./Core/Src/stm32h7xx_it.o
LOAD ./Core/Src/syscalls.o
LOAD ./Core/Src/sysmem.o
LOAD ./Core/Startup/startup_stm32h745zitx.o
LOAD ./Drivers/STM32H7xx_HAL_Driver/stm32h7xx_hal.o
LOAD ./Drivers/STM32H7xx_HAL_Driver/stm32h7xx_hal_cortex.o
LOAD ./Drivers/STM32H7xx_HAL_Driver/stm32h7xx_hal_dma.o
LOAD ./Drivers/STM32H7xx_HAL_Driver/stm32h7xx_hal_dma_ex.o
LOAD ./Drivers/STM32H7xx_HAL_Driver/stm32h7xx_hal_exti.o
LOAD ./Drivers/STM32H7xx_HAL_Driver/stm32h7xx_hal_flash.o
LOAD ./Drivers/STM32H7xx_HAL_Driver/stm32h7xx_hal_flash_ex.o
LOAD ./Drivers/STM32H7xx_HAL_Driver/stm32h7xx_hal_gpio.o
LOAD ./Drivers/STM32H7xx_HAL_Driver/stm32h7xx_hal_hsem.o
LOAD ./Drivers/STM32H7xx_HAL_Driver/stm32h7xx_hal_i2c.o
LOAD ./Drivers/STM32H7xx_HAL_Driver/stm32h7xx_hal_i2c_ex.o
LOAD ./Drivers/STM32H7xx_HAL_Driver/stm32h7xx_hal_mdma.o
LOAD ./Drivers/STM32H7xx_HAL_Driver/stm32h7xx_hal_pwr.o
LOAD ./Drivers/STM32H7xx_HAL_Driver/stm32h7xx_hal_pwr_ex.o
LOAD ./Drivers/STM32H7xx_HAL_Driver/stm32h7xx_hal_rcc.o
LOAD ./Drivers/STM32H7xx_HAL_Driver/stm32h7xx_hal_rcc_ex.o
LOAD ./Drivers/STM32H7xx_HAL_Driver/stm32h7xx_hal_spi.o
LOAD ./Drivers/STM32H7xx_HAL_Driver/stm32h7xx_hal_spi_ex.o
LOAD ./Drivers/STM32H7xx_HAL_Driver/stm32h7xx_hal_tim.o
LOAD ./Drivers/STM32H7xx_HAL_Driver/stm32h7xx_hal_tim_ex.o
START GROUP
LOAD D:/STM/STM32CubeIDE_1.16.0/STM32CubeIDE/plugins/com.st.stm32cube.ide.mcu.externaltools.gnu-tools-for-stm32.12.3.rel1.win32_1.0.200.202406191623/tools/bin/../lib/gcc/arm-none-eabi/12.3.1/../../../../arm-none-eabi/lib/thumb/v7e-m+dp/hard\libc_nano.a
LOAD D:/STM/STM32CubeIDE_1.16.0/STM32CubeIDE/plugins/com.st.stm32cube.ide.mcu.externaltools.gnu-tools-for-stm32.12.3.rel1.win32_1.0.200.202406191623/tools/bin/../lib/gcc/arm-none-eabi/12.3.1/../../../../arm-none-eabi/lib/thumb/v7e-m+dp/hard\libm.a
END GROUP
START GROUP
LOAD D:/STM/STM32CubeIDE_1.16.0/STM32CubeIDE/plugins/com.st.stm32cube.ide.mcu.externaltools.gnu-tools-for-stm32.12.3.rel1.win32_1.0.200.202406191623/tools/bin/../lib/gcc/arm-none-eabi/12.3.1/thumb/v7e-m+dp/hard\libgcc.a
LOAD D:/STM/STM32CubeIDE_1.16.0/STM32CubeIDE/plugins/com.st.stm32cube.ide.mcu.externaltools.gnu-tools-for-stm32.12.3.rel1.win32_1.0.200.202406191623/tools/bin/../lib/gcc/arm-none-eabi/12.3.1/../../../../arm-none-eabi/lib/thumb/v7e-m+dp/hard\libc_nano.a
END GROUP
START GROUP
LOAD D:/STM/STM32CubeIDE_1.16.0/STM32CubeIDE/plugins/com.st.stm32cube.ide.mcu.externaltools.gnu-tools-for-stm32.12.3.rel1.win32_1.0.200.202406191623/tools/bin/../lib/gcc/arm-none-eabi/12.3.1/thumb/v7e-m+dp/hard\libgcc.a
LOAD D:/STM/STM32CubeIDE_1.16.0/STM32CubeIDE/plugins/com.st.stm32cube.ide.mcu.externaltools.gnu-tools-for-stm32.12.3.rel1.win32_1.0.200.202406191623/tools/bin/../lib/gcc/arm-none-eabi/12.3.1/../../../../arm-none-eabi/lib/thumb/v7e-m+dp/hard\libc_nano.a
LOAD D:/STM/STM32CubeIDE_1.16.0/STM32CubeIDE/plugins/com.st.stm32cube.ide.mcu.externaltools.gnu-tools-for-stm32.12.3.rel1.win32_1.0.200.202406191623/tools/bin/../lib/gcc/arm-none-eabi/12.3.1/../../../../arm-none-eabi/lib/thumb/v7e-m+dp/hard\libnosys.a
END GROUP
START GROUP
LOAD D:/STM/STM32CubeIDE_1.16.0/STM32CubeIDE/plugins/com.st.stm32cube.ide.mcu.externaltools.gnu-tools-for-stm32.12.3.rel1.win32_1.0.200.202406191623/tools/bin/../lib/gcc/arm-none-eabi/12.3.1/thumb/v7e-m+dp/hard\libgcc.a
LOAD D:/STM/STM32CubeIDE_1.16.0/STM32CubeIDE/plugins/com.st.stm32cube.ide.mcu.externaltools.gnu-tools-for-stm32.12.3.rel1.win32_1.0.200.202406191623/tools/bin/../lib/gcc/arm-none-eabi/12.3.1/../../../../arm-none-eabi/lib/thumb/v7e-m+dp/hard\libc_nano.a
LOAD D:/STM/STM32CubeIDE_1.16.0/STM32CubeIDE/plugins/com.st.stm32cube.ide.mcu.externaltools.gnu-tools-for-stm32.12.3.rel1.win32_1.0.200.202406191623/tools/bin/../lib/gcc/arm-none-eabi/12.3.1/../../../../arm-none-eabi/lib/thumb/v7e-m+dp/hard\libnosys.a
END GROUP
LOAD D:/STM/STM32CubeIDE_1.16.0/STM32CubeIDE/plugins/com.st.stm32cube.ide.mcu.externaltools.gnu-tools-for-stm32.12.3.rel1.win32_1.0.200.202406191623/tools/bin/../lib/gcc/arm-none-eabi/12.3.1/thumb/v7e-m+dp/hard/crtend.o
LOAD D:/STM/STM32CubeIDE_1.16.0/STM32CubeIDE/plugins/com.st.stm32cube.ide.mcu.externaltools.gnu-tools-for-stm32.12.3.rel1.win32_1.0.200.202406191623/tools/bin/../lib/gcc/arm-none-eabi/12.3.1/thumb/v7e-m+dp/hard/crtn.o
                0x24080000                        _estack = (ORIGIN (RAM_D1) + LENGTH (RAM_D1))
                0x00000200                        _Min_Heap_Size = 0x200
                0x00000400                        _Min_Stack_Size = 0x400

.isr_vector     0x08000000      0x298
                0x08000000                        . = ALIGN (0x4)
 *(.isr_vector)
 .isr_vector    0x08000000      0x298 ./Core/Startup/startup_stm32h745zitx.o
                0x08000000                g_pfnVectors
                0x08000298                        . = ALIGN (0x4)

.text           0x08000298     0x3898
                0x08000298                        . = ALIGN (0x4)
 *(.text)
 .text          0x08000298       0x40 D:/STM/STM32CubeIDE_1.16.0/STM32CubeIDE/plugins/com.st.stm32cube.ide.mcu.externaltools.gnu-tools-for-stm32.12.3.rel1.win32_1.0.200.202406191623/tools/bin/../lib/gcc/arm-none-eabi/12.3.1/thumb/v7e-m+dp/hard/crtbegin.o
 *(.text*)
 .text.SystemInit
                0x080002d8      0x12c ./Common/Src/system_stm32h7xx_dualcore_boot_cm4_cm7.o
                0x080002d8                SystemInit
 .text.main     0x08000404       0xb0 ./Core/Src/main.o
                0x08000404                main
 .text.SystemClock_Config
                0x080004b4       0xfc ./Core/Src/main.o
                0x080004b4                SystemClock_Config
 .text.MX_SPI1_Init
                0x080005b0       0xac ./Core/Src/main.o
 .text.MX_GPIO_Init
                0x0800065c      0x174 ./Core/Src/main.o
 .text.Error_Handler
                0x080007d0        0xc ./Core/Src/main.o
                0x080007d0                Error_Handler
 .text.MX574_Init
                0x080007dc       0x3c ./Core/Src/mx574.o
                0x080007dc                MX574_Init
 .text.MX574_Read12Bit
                0x08000818       0xc4 ./Core/Src/mx574.o
                0x08000818                MX574_Read12Bit
 .text.HAL_MspInit
                0x080008dc       0x34 ./Core/Src/stm32h7xx_hal_msp.o
                0x080008dc                HAL_MspInit
 .text.HAL_SPI_MspInit
                0x08000910       0xd0 ./Core/Src/stm32h7xx_hal_msp.o
                0x08000910                HAL_SPI_MspInit
 .text.NMI_Handler
                0x080009e0        0x8 ./Core/Src/stm32h7xx_it.o
                0x080009e0                NMI_Handler
 .text.HardFault_Handler
                0x080009e8        0x8 ./Core/Src/stm32h7xx_it.o
                0x080009e8                HardFault_Handler
 .text.MemManage_Handler
                0x080009f0        0x8 ./Core/Src/stm32h7xx_it.o
                0x080009f0                MemManage_Handler
 .text.BusFault_Handler
                0x080009f8        0x8 ./Core/Src/stm32h7xx_it.o
                0x080009f8                BusFault_Handler
 .text.UsageFault_Handler
                0x08000a00        0x8 ./Core/Src/stm32h7xx_it.o
                0x08000a00                UsageFault_Handler
 .text.SVC_Handler
                0x08000a08        0xe ./Core/Src/stm32h7xx_it.o
                0x08000a08                SVC_Handler
 .text.DebugMon_Handler
                0x08000a16        0xe ./Core/Src/stm32h7xx_it.o
                0x08000a16                DebugMon_Handler
 .text.PendSV_Handler
                0x08000a24        0xe ./Core/Src/stm32h7xx_it.o
                0x08000a24                PendSV_Handler
 .text.SysTick_Handler
                0x08000a32        0xc ./Core/Src/stm32h7xx_it.o
                0x08000a32                SysTick_Handler
 *fill*         0x08000a3e        0x2 
 .text.Reset_Handler
                0x08000a40       0x50 ./Core/Startup/startup_stm32h745zitx.o
                0x08000a40                Reset_Handler
 .text.Default_Handler
                0x08000a90        0x2 ./Core/Startup/startup_stm32h745zitx.o
                0x08000a90                RTC_Alarm_IRQHandler
                0x08000a90                EXTI2_IRQHandler
                0x08000a90                TIM8_CC_IRQHandler
                0x08000a90                HRTIM1_Master_IRQHandler
                0x08000a90                UART8_IRQHandler
                0x08000a90                SPI4_IRQHandler
                0x08000a90                TIM1_CC_IRQHandler
                0x08000a90                BDMA_Channel6_IRQHandler
                0x08000a90                DMA2_Stream5_IRQHandler
                0x08000a90                HRTIM1_FLT_IRQHandler
                0x08000a90                JPEG_IRQHandler
                0x08000a90                DMA1_Stream5_IRQHandler
                0x08000a90                BDMA_Channel1_IRQHandler
                0x08000a90                HRTIM1_TIMD_IRQHandler
                0x08000a90                TAMP_STAMP_IRQHandler
                0x08000a90                EXTI3_IRQHandler
                0x08000a90                LPTIM4_IRQHandler
                0x08000a90                TIM8_TRG_COM_TIM14_IRQHandler
                0x08000a90                LPTIM2_IRQHandler
                0x08000a90                DFSDM1_FLT1_IRQHandler
                0x08000a90                DMAMUX2_OVR_IRQHandler
                0x08000a90                TIM8_UP_TIM13_IRQHandler
                0x08000a90                I2C3_ER_IRQHandler
                0x08000a90                DFSDM1_FLT2_IRQHandler
                0x08000a90                MDMA_IRQHandler
                0x08000a90                LPTIM3_IRQHandler
                0x08000a90                HSEM1_IRQHandler
                0x08000a90                EXTI0_IRQHandler
                0x08000a90                I2C2_EV_IRQHandler
                0x08000a90                DMA1_Stream2_IRQHandler
                0x08000a90                FPU_IRQHandler
                0x08000a90                OTG_HS_WKUP_IRQHandler
                0x08000a90                FDCAN1_IT1_IRQHandler
                0x08000a90                LTDC_ER_IRQHandler
                0x08000a90                DMA2_Stream2_IRQHandler
                0x08000a90                HRTIM1_TIME_IRQHandler
                0x08000a90                SPI1_IRQHandler
                0x08000a90                TIM6_DAC_IRQHandler
                0x08000a90                DCMI_IRQHandler
                0x08000a90                HRTIM1_TIMC_IRQHandler
                0x08000a90                DMA2_Stream3_IRQHandler
                0x08000a90                SAI2_IRQHandler
                0x08000a90                DFSDM1_FLT3_IRQHandler
                0x08000a90                USART6_IRQHandler
                0x08000a90                TIM17_IRQHandler
                0x08000a90                USART3_IRQHandler
                0x08000a90                BDMA_Channel7_IRQHandler
                0x08000a90                LPTIM5_IRQHandler
                0x08000a90                UART5_IRQHandler
                0x08000a90                ADC3_IRQHandler
                0x08000a90                DMA2_Stream0_IRQHandler
                0x08000a90                TIM4_IRQHandler
                0x08000a90                BDMA_Channel2_IRQHandler
                0x08000a90                QUADSPI_IRQHandler
                0x08000a90                I2C1_EV_IRQHandler
                0x08000a90                DMA1_Stream6_IRQHandler
                0x08000a90                DMAMUX1_OVR_IRQHandler
                0x08000a90                DMA1_Stream1_IRQHandler
                0x08000a90                TIM16_IRQHandler
                0x08000a90                UART4_IRQHandler
                0x08000a90                BDMA_Channel5_IRQHandler
                0x08000a90                TIM3_IRQHandler
                0x08000a90                RCC_IRQHandler
                0x08000a90                TIM8_BRK_TIM12_IRQHandler
                0x08000a90                TIM1_TRG_COM_IRQHandler
                0x08000a90                Default_Handler
                0x08000a90                ECC_IRQHandler
                0x08000a90                CEC_IRQHandler
                0x08000a90                EXTI15_10_IRQHandler
                0x08000a90                BDMA_Channel0_IRQHandler
                0x08000a90                ADC_IRQHandler
                0x08000a90                DMA1_Stream7_IRQHandler
                0x08000a90                HRTIM1_TIMA_IRQHandler
                0x08000a90                SPI5_IRQHandler
                0x08000a90                TIM7_IRQHandler
                0x08000a90                SDMMC1_IRQHandler
                0x08000a90                TIM5_IRQHandler
                0x08000a90                DMA2_Stream7_IRQHandler
                0x08000a90                TIM15_IRQHandler
                0x08000a90                PVD_AVD_IRQHandler
                0x08000a90                I2C3_EV_IRQHandler
                0x08000a90                EXTI9_5_IRQHandler
                0x08000a90                RTC_WKUP_IRQHandler
                0x08000a90                LTDC_IRQHandler
                0x08000a90                SAI3_IRQHandler
                0x08000a90                ETH_WKUP_IRQHandler
                0x08000a90                SPDIF_RX_IRQHandler
                0x08000a90                SPI2_IRQHandler
                0x08000a90                OTG_HS_EP1_IN_IRQHandler
                0x08000a90                DMA1_Stream0_IRQHandler
                0x08000a90                CRS_IRQHandler
                0x08000a90                CM7_SEV_IRQHandler
                0x08000a90                EXTI4_IRQHandler
                0x08000a90                RNG_IRQHandler
                0x08000a90                CM4_SEV_IRQHandler
                0x08000a90                HRTIM1_TIMB_IRQHandler
                0x08000a90                FDCAN2_IT1_IRQHandler
                0x08000a90                ETH_IRQHandler
                0x08000a90                TIM1_UP_IRQHandler
                0x08000a90                WWDG_RST_IRQHandler
                0x08000a90                BDMA_Channel4_IRQHandler
                0x08000a90                OTG_HS_EP1_OUT_IRQHandler
                0x08000a90                WWDG_IRQHandler
                0x08000a90                SPI6_IRQHandler
                0x08000a90                MDIOS_IRQHandler
                0x08000a90                I2C4_EV_IRQHandler
                0x08000a90                FDCAN2_IT0_IRQHandler
                0x08000a90                LPUART1_IRQHandler
                0x08000a90                FDCAN1_IT0_IRQHandler
                0x08000a90                TIM2_IRQHandler
                0x08000a90                OTG_FS_WKUP_IRQHandler
                0x08000a90                OTG_HS_IRQHandler
                0x08000a90                HSEM2_IRQHandler
                0x08000a90                DMA2D_IRQHandler
                0x08000a90                TIM1_BRK_IRQHandler
                0x08000a90                EXTI1_IRQHandler
                0x08000a90                SDMMC2_IRQHandler
                0x08000a90                OTG_FS_EP1_OUT_IRQHandler
                0x08000a90                BDMA_Channel3_IRQHandler
                0x08000a90                HOLD_CORE_IRQHandler
                0x08000a90                UART7_IRQHandler
                0x08000a90                MDIOS_WKUP_IRQHandler
                0x08000a90                USART2_IRQHandler
                0x08000a90                DFSDM1_FLT0_IRQHandler
                0x08000a90                SAI4_IRQHandler
                0x08000a90                I2C2_ER_IRQHandler
                0x08000a90                DMA2_Stream1_IRQHandler
                0x08000a90                FLASH_IRQHandler
                0x08000a90                DMA2_Stream4_IRQHandler
                0x08000a90                USART1_IRQHandler
                0x08000a90                OTG_FS_IRQHandler
                0x08000a90                SPI3_IRQHandler
                0x08000a90                WAKEUP_PIN_IRQHandler
                0x08000a90                DMA1_Stream4_IRQHandler
                0x08000a90                OTG_FS_EP1_IN_IRQHandler
                0x08000a90                I2C1_ER_IRQHandler
                0x08000a90                FMC_IRQHandler
                0x08000a90                FDCAN_CAL_IRQHandler
                0x08000a90                SWPMI1_IRQHandler
                0x08000a90                COMP1_IRQHandler
                0x08000a90                LPTIM1_IRQHandler
                0x08000a90                I2C4_ER_IRQHandler
                0x08000a90                DMA2_Stream6_IRQHandler
                0x08000a90                SAI1_IRQHandler
                0x08000a90                DMA1_Stream3_IRQHandler
 *fill*         0x08000a92        0x2 
 .text.HAL_Init
                0x08000a94       0x78 ./Drivers/STM32H7xx_HAL_Driver/stm32h7xx_hal.o
                0x08000a94                HAL_Init
 .text.HAL_InitTick
                0x08000b0c       0x6c ./Drivers/STM32H7xx_HAL_Driver/stm32h7xx_hal.o
                0x08000b0c                HAL_InitTick
 .text.HAL_IncTick
                0x08000b78       0x28 ./Drivers/STM32H7xx_HAL_Driver/stm32h7xx_hal.o
                0x08000b78                HAL_IncTick
 .text.HAL_GetTick
                0x08000ba0       0x18 ./Drivers/STM32H7xx_HAL_Driver/stm32h7xx_hal.o
                0x08000ba0                HAL_GetTick
 .text.HAL_Delay
                0x08000bb8       0x48 ./Drivers/STM32H7xx_HAL_Driver/stm32h7xx_hal.o
                0x08000bb8                HAL_Delay
 .text.HAL_GetREVID
                0x08000c00       0x18 ./Drivers/STM32H7xx_HAL_Driver/stm32h7xx_hal.o
                0x08000c00                HAL_GetREVID
 .text.__NVIC_SetPriorityGrouping
                0x08000c18       0x48 ./Drivers/STM32H7xx_HAL_Driver/stm32h7xx_hal_cortex.o
 .text.__NVIC_GetPriorityGrouping
                0x08000c60       0x1c ./Drivers/STM32H7xx_HAL_Driver/stm32h7xx_hal_cortex.o
 .text.__NVIC_SetPriority
                0x08000c7c       0x54 ./Drivers/STM32H7xx_HAL_Driver/stm32h7xx_hal_cortex.o
 .text.NVIC_EncodePriority
                0x08000cd0       0x66 ./Drivers/STM32H7xx_HAL_Driver/stm32h7xx_hal_cortex.o
 *fill*         0x08000d36        0x2 
 .text.SysTick_Config
                0x08000d38       0x44 ./Drivers/STM32H7xx_HAL_Driver/stm32h7xx_hal_cortex.o
 .text.HAL_NVIC_SetPriorityGrouping
                0x08000d7c       0x16 ./Drivers/STM32H7xx_HAL_Driver/stm32h7xx_hal_cortex.o
                0x08000d7c                HAL_NVIC_SetPriorityGrouping
 .text.HAL_NVIC_SetPriority
                0x08000d92       0x34 ./Drivers/STM32H7xx_HAL_Driver/stm32h7xx_hal_cortex.o
                0x08000d92                HAL_NVIC_SetPriority
 .text.HAL_SYSTICK_Config
                0x08000dc6       0x18 ./Drivers/STM32H7xx_HAL_Driver/stm32h7xx_hal_cortex.o
                0x08000dc6                HAL_SYSTICK_Config
 *fill*         0x08000dde        0x2 
 .text.HAL_GPIO_Init
                0x08000de0      0x360 ./Drivers/STM32H7xx_HAL_Driver/stm32h7xx_hal_gpio.o
                0x08000de0                HAL_GPIO_Init
 .text.HAL_HSEM_FastTake
                0x08001140       0x34 ./Drivers/STM32H7xx_HAL_Driver/stm32h7xx_hal_hsem.o
                0x08001140                HAL_HSEM_FastTake
 .text.HAL_HSEM_Release
                0x08001174       0x28 ./Drivers/STM32H7xx_HAL_Driver/stm32h7xx_hal_hsem.o
                0x08001174                HAL_HSEM_Release
 .text.HAL_PWREx_ConfigSupply
                0x0800119c       0xb4 ./Drivers/STM32H7xx_HAL_Driver/stm32h7xx_hal_pwr_ex.o
                0x0800119c                HAL_PWREx_ConfigSupply
 .text.HAL_RCC_OscConfig
                0x08001250      0x8b4 ./Drivers/STM32H7xx_HAL_Driver/stm32h7xx_hal_rcc.o
                0x08001250                HAL_RCC_OscConfig
 .text.HAL_RCC_ClockConfig
                0x08001b04      0x36c ./Drivers/STM32H7xx_HAL_Driver/stm32h7xx_hal_rcc.o
                0x08001b04                HAL_RCC_ClockConfig
 .text.HAL_RCC_GetSysClockFreq
                0x08001e70      0x2f4 ./Drivers/STM32H7xx_HAL_Driver/stm32h7xx_hal_rcc.o
                0x08001e70                HAL_RCC_GetSysClockFreq
 .text.HAL_RCCEx_PeriphCLKConfig
                0x08002164     0x1414 ./Drivers/STM32H7xx_HAL_Driver/stm32h7xx_hal_rcc_ex.o
                0x08002164                HAL_RCCEx_PeriphCLKConfig
 .text.RCCEx_PLL2_Config
                0x08003578      0x164 ./Drivers/STM32H7xx_HAL_Driver/stm32h7xx_hal_rcc_ex.o
 .text.RCCEx_PLL3_Config
                0x080036dc      0x164 ./Drivers/STM32H7xx_HAL_Driver/stm32h7xx_hal_rcc_ex.o
 .text.HAL_SPI_Init
                0x08003840      0x248 ./Drivers/STM32H7xx_HAL_Driver/stm32h7xx_hal_spi.o
                0x08003840                HAL_SPI_Init
 .text.SPI_GetPacketSize
                0x08003a88       0x36 ./Drivers/STM32H7xx_HAL_Driver/stm32h7xx_hal_spi.o
 .text.memset   0x08003abe       0x10 D:/STM/STM32CubeIDE_1.16.0/STM32CubeIDE/plugins/com.st.stm32cube.ide.mcu.externaltools.gnu-tools-for-stm32.12.3.rel1.win32_1.0.200.202406191623/tools/bin/../lib/gcc/arm-none-eabi/12.3.1/../../../../arm-none-eabi/lib/thumb/v7e-m+dp/hard\libc_nano.a(libc_a-memset.o)
                0x08003abe                memset
 *fill*         0x08003ace        0x2 
 .text.__libc_init_array
                0x08003ad0       0x48 D:/STM/STM32CubeIDE_1.16.0/STM32CubeIDE/plugins/com.st.stm32cube.ide.mcu.externaltools.gnu-tools-for-stm32.12.3.rel1.win32_1.0.200.202406191623/tools/bin/../lib/gcc/arm-none-eabi/12.3.1/../../../../arm-none-eabi/lib/thumb/v7e-m+dp/hard\libc_nano.a(libc_a-init.o)
                0x08003ad0                __libc_init_array
 *(.glue_7)
 .glue_7        0x08003b18        0x0 linker stubs
 *(.glue_7t)
 .glue_7t       0x08003b18        0x0 linker stubs
 *(.eh_frame)
 .eh_frame      0x08003b18        0x0 D:/STM/STM32CubeIDE_1.16.0/STM32CubeIDE/plugins/com.st.stm32cube.ide.mcu.externaltools.gnu-tools-for-stm32.12.3.rel1.win32_1.0.200.202406191623/tools/bin/../lib/gcc/arm-none-eabi/12.3.1/thumb/v7e-m+dp/hard/crtbegin.o
 *(.init)
 .init          0x08003b18        0x4 D:/STM/STM32CubeIDE_1.16.0/STM32CubeIDE/plugins/com.st.stm32cube.ide.mcu.externaltools.gnu-tools-for-stm32.12.3.rel1.win32_1.0.200.202406191623/tools/bin/../lib/gcc/arm-none-eabi/12.3.1/thumb/v7e-m+dp/hard/crti.o
                0x08003b18                _init
 .init          0x08003b1c        0x8 D:/STM/STM32CubeIDE_1.16.0/STM32CubeIDE/plugins/com.st.stm32cube.ide.mcu.externaltools.gnu-tools-for-stm32.12.3.rel1.win32_1.0.200.202406191623/tools/bin/../lib/gcc/arm-none-eabi/12.3.1/thumb/v7e-m+dp/hard/crtn.o
 *(.fini)
 .fini          0x08003b24        0x4 D:/STM/STM32CubeIDE_1.16.0/STM32CubeIDE/plugins/com.st.stm32cube.ide.mcu.externaltools.gnu-tools-for-stm32.12.3.rel1.win32_1.0.200.202406191623/tools/bin/../lib/gcc/arm-none-eabi/12.3.1/thumb/v7e-m+dp/hard/crti.o
                0x08003b24                _fini
 .fini          0x08003b28        0x8 D:/STM/STM32CubeIDE_1.16.0/STM32CubeIDE/plugins/com.st.stm32cube.ide.mcu.externaltools.gnu-tools-for-stm32.12.3.rel1.win32_1.0.200.202406191623/tools/bin/../lib/gcc/arm-none-eabi/12.3.1/thumb/v7e-m+dp/hard/crtn.o
                0x08003b30                        . = ALIGN (0x4)
                0x08003b30                        _etext = .

.vfp11_veneer   0x08003b30        0x0
 .vfp11_veneer  0x08003b30        0x0 linker stubs

.v4_bx          0x08003b30        0x0
 .v4_bx         0x08003b30        0x0 linker stubs

.iplt           0x08003b30        0x0
 .iplt          0x08003b30        0x0 D:/STM/STM32CubeIDE_1.16.0/STM32CubeIDE/plugins/com.st.stm32cube.ide.mcu.externaltools.gnu-tools-for-stm32.12.3.rel1.win32_1.0.200.202406191623/tools/bin/../lib/gcc/arm-none-eabi/12.3.1/thumb/v7e-m+dp/hard/crtbegin.o

.rodata         0x08003b30       0x10
                0x08003b30                        . = ALIGN (0x4)
 *(.rodata)
 *(.rodata*)
 .rodata.D1CorePrescTable
                0x08003b30       0x10 ./Common/Src/system_stm32h7xx_dualcore_boot_cm4_cm7.o
                0x08003b30                D1CorePrescTable
                0x08003b40                        . = ALIGN (0x4)

.ARM.extab      0x08003b40        0x0
                0x08003b40                        . = ALIGN (0x4)
 *(.ARM.extab* .gnu.linkonce.armextab.*)
                0x08003b40                        . = ALIGN (0x4)

.ARM            0x08003b40        0x0
                0x08003b40                        . = ALIGN (0x4)
                0x08003b40                        __exidx_start = .
 *(.ARM.exidx*)
                0x08003b40                        __exidx_end = .
                0x08003b40                        . = ALIGN (0x4)

.preinit_array  0x08003b40        0x0
                0x08003b40                        . = ALIGN (0x4)
                0x08003b40                        PROVIDE (__preinit_array_start = .)
 *(.preinit_array*)
                0x08003b40                        PROVIDE (__preinit_array_end = .)
                0x08003b40                        . = ALIGN (0x4)

.init_array     0x08003b40        0x4
                0x08003b40                        . = ALIGN (0x4)
                0x08003b40                        PROVIDE (__init_array_start = .)
 *(SORT_BY_NAME(.init_array.*))
 *(.init_array*)
 .init_array    0x08003b40        0x4 D:/STM/STM32CubeIDE_1.16.0/STM32CubeIDE/plugins/com.st.stm32cube.ide.mcu.externaltools.gnu-tools-for-stm32.12.3.rel1.win32_1.0.200.202406191623/tools/bin/../lib/gcc/arm-none-eabi/12.3.1/thumb/v7e-m+dp/hard/crtbegin.o
                0x08003b44                        PROVIDE (__init_array_end = .)
                0x08003b44                        . = ALIGN (0x4)

.fini_array     0x08003b44        0x4
                0x08003b44                        . = ALIGN (0x4)
                [!provide]                        PROVIDE (__fini_array_start = .)
 *(SORT_BY_NAME(.fini_array.*))
 *(.fini_array*)
 .fini_array    0x08003b44        0x4 D:/STM/STM32CubeIDE_1.16.0/STM32CubeIDE/plugins/com.st.stm32cube.ide.mcu.externaltools.gnu-tools-for-stm32.12.3.rel1.win32_1.0.200.202406191623/tools/bin/../lib/gcc/arm-none-eabi/12.3.1/thumb/v7e-m+dp/hard/crtbegin.o
                [!provide]                        PROVIDE (__fini_array_end = .)
                0x08003b48                        . = ALIGN (0x4)
                0x08003b48                        _sidata = LOADADDR (.data)

.rel.dyn        0x08003b48        0x0
 .rel.iplt      0x08003b48        0x0 D:/STM/STM32CubeIDE_1.16.0/STM32CubeIDE/plugins/com.st.stm32cube.ide.mcu.externaltools.gnu-tools-for-stm32.12.3.rel1.win32_1.0.200.202406191623/tools/bin/../lib/gcc/arm-none-eabi/12.3.1/thumb/v7e-m+dp/hard/crtbegin.o

.data           0x24000000       0x10 load address 0x08003b48
                0x24000000                        . = ALIGN (0x4)
                0x24000000                        _sdata = .
 *(.data)
 *(.data*)
 .data.SystemCoreClock
                0x24000000        0x4 ./Common/Src/system_stm32h7xx_dualcore_boot_cm4_cm7.o
                0x24000000                SystemCoreClock
 .data.SystemD2Clock
                0x24000004        0x4 ./Common/Src/system_stm32h7xx_dualcore_boot_cm4_cm7.o
                0x24000004                SystemD2Clock
 .data.uwTickPrio
                0x24000008        0x4 ./Drivers/STM32H7xx_HAL_Driver/stm32h7xx_hal.o
                0x24000008                uwTickPrio
 .data.uwTickFreq
                0x2400000c        0x1 ./Drivers/STM32H7xx_HAL_Driver/stm32h7xx_hal.o
                0x2400000c                uwTickFreq
 *(.RamFunc)
 *(.RamFunc*)
                0x24000010                        . = ALIGN (0x4)
 *fill*         0x2400000d        0x3 
                0x24000010                        _edata = .

.igot.plt       0x24000010        0x0 load address 0x08003b58
 .igot.plt      0x24000010        0x0 D:/STM/STM32CubeIDE_1.16.0/STM32CubeIDE/plugins/com.st.stm32cube.ide.mcu.externaltools.gnu-tools-for-stm32.12.3.rel1.win32_1.0.200.202406191623/tools/bin/../lib/gcc/arm-none-eabi/12.3.1/thumb/v7e-m+dp/hard/crtbegin.o
                0x24000010                        . = ALIGN (0x4)

.bss            0x24000010       0xac load address 0x08003b58
                0x24000010                        _sbss = .
                0x24000010                        __bss_start__ = _sbss
 *(.bss)
 .bss           0x24000010       0x1c D:/STM/STM32CubeIDE_1.16.0/STM32CubeIDE/plugins/com.st.stm32cube.ide.mcu.externaltools.gnu-tools-for-stm32.12.3.rel1.win32_1.0.200.202406191623/tools/bin/../lib/gcc/arm-none-eabi/12.3.1/thumb/v7e-m+dp/hard/crtbegin.o
 *(.bss*)
 .bss.hspi1     0x2400002c       0x88 ./Core/Src/main.o
                0x2400002c                hspi1
 .bss.fake_result.0
                0x240000b4        0x2 ./Core/Src/mx574.o
 *fill*         0x240000b6        0x2 
 .bss.uwTick    0x240000b8        0x4 ./Drivers/STM32H7xx_HAL_Driver/stm32h7xx_hal.o
                0x240000b8                uwTick
 *(COMMON)
                0x240000bc                        . = ALIGN (0x4)
                0x240000bc                        _ebss = .
                0x240000bc                        __bss_end__ = _ebss

._user_heap_stack
                0x240000bc      0x604 load address 0x08003b58
                0x240000c0                        . = ALIGN (0x8)
 *fill*         0x240000bc        0x4 
                [!provide]                        PROVIDE (end = .)
                0x240000c0                        PROVIDE (_end = .)
                0x240002c0                        . = (. + _Min_Heap_Size)
 *fill*         0x240000c0      0x200 
                0x240006c0                        . = (. + _Min_Stack_Size)
 *fill*         0x240002c0      0x400 
                0x240006c0                        . = ALIGN (0x8)

/DISCARD/
 libc.a(*)
 libm.a(*)
 libgcc.a(*)

.ARM.attributes
                0x00000000       0x2e
 *(.ARM.attributes)
 .ARM.attributes
                0x00000000       0x20 D:/STM/STM32CubeIDE_1.16.0/STM32CubeIDE/plugins/com.st.stm32cube.ide.mcu.externaltools.gnu-tools-for-stm32.12.3.rel1.win32_1.0.200.202406191623/tools/bin/../lib/gcc/arm-none-eabi/12.3.1/thumb/v7e-m+dp/hard/crti.o
 .ARM.attributes
                0x00000020       0x32 D:/STM/STM32CubeIDE_1.16.0/STM32CubeIDE/plugins/com.st.stm32cube.ide.mcu.externaltools.gnu-tools-for-stm32.12.3.rel1.win32_1.0.200.202406191623/tools/bin/../lib/gcc/arm-none-eabi/12.3.1/thumb/v7e-m+dp/hard/crtbegin.o
 .ARM.attributes
                0x00000052       0x32 ./Common/Src/system_stm32h7xx_dualcore_boot_cm4_cm7.o
 .ARM.attributes
                0x00000084       0x32 ./Core/Src/main.o
 .ARM.attributes
                0x000000b6       0x32 ./Core/Src/mx574.o
 .ARM.attributes
                0x000000e8       0x32 ./Core/Src/stm32h7xx_hal_msp.o
 .ARM.attributes
                0x0000011a       0x32 ./Core/Src/stm32h7xx_it.o
 .ARM.attributes
                0x0000014c       0x21 ./Core/Startup/startup_stm32h745zitx.o
 .ARM.attributes
                0x0000016d       0x32 ./Drivers/STM32H7xx_HAL_Driver/stm32h7xx_hal.o
 .ARM.attributes
                0x0000019f       0x32 ./Drivers/STM32H7xx_HAL_Driver/stm32h7xx_hal_cortex.o
 .ARM.attributes
                0x000001d1       0x32 ./Drivers/STM32H7xx_HAL_Driver/stm32h7xx_hal_gpio.o
 .ARM.attributes
                0x00000203       0x32 ./Drivers/STM32H7xx_HAL_Driver/stm32h7xx_hal_hsem.o
 .ARM.attributes
                0x00000235       0x32 ./Drivers/STM32H7xx_HAL_Driver/stm32h7xx_hal_pwr_ex.o
 .ARM.attributes
                0x00000267       0x32 ./Drivers/STM32H7xx_HAL_Driver/stm32h7xx_hal_rcc.o
 .ARM.attributes
                0x00000299       0x32 ./Drivers/STM32H7xx_HAL_Driver/stm32h7xx_hal_rcc_ex.o
 .ARM.attributes
                0x000002cb       0x32 ./Drivers/STM32H7xx_HAL_Driver/stm32h7xx_hal_spi.o
 .ARM.attributes
                0x000002fd       0x32 D:/STM/STM32CubeIDE_1.16.0/STM32CubeIDE/plugins/com.st.stm32cube.ide.mcu.externaltools.gnu-tools-for-stm32.12.3.rel1.win32_1.0.200.202406191623/tools/bin/../lib/gcc/arm-none-eabi/12.3.1/../../../../arm-none-eabi/lib/thumb/v7e-m+dp/hard\libc_nano.a(libc_a-memset.o)
 .ARM.attributes
                0x0000032f       0x32 D:/STM/STM32CubeIDE_1.16.0/STM32CubeIDE/plugins/com.st.stm32cube.ide.mcu.externaltools.gnu-tools-for-stm32.12.3.rel1.win32_1.0.200.202406191623/tools/bin/../lib/gcc/arm-none-eabi/12.3.1/../../../../arm-none-eabi/lib/thumb/v7e-m+dp/hard\libc_nano.a(libc_a-init.o)
 .ARM.attributes
                0x00000361       0x20 D:/STM/STM32CubeIDE_1.16.0/STM32CubeIDE/plugins/com.st.stm32cube.ide.mcu.externaltools.gnu-tools-for-stm32.12.3.rel1.win32_1.0.200.202406191623/tools/bin/../lib/gcc/arm-none-eabi/12.3.1/thumb/v7e-m+dp/hard/crtn.o
OUTPUT(module_controller_CM7.elf elf32-littlearm)
LOAD linker stubs
LOAD D:/STM/STM32CubeIDE_1.16.0/STM32CubeIDE/plugins/com.st.stm32cube.ide.mcu.externaltools.gnu-tools-for-stm32.12.3.rel1.win32_1.0.200.202406191623/tools/bin/../lib/gcc/arm-none-eabi/12.3.1/../../../../arm-none-eabi/lib/thumb/v7e-m+dp/hard\libc.a
LOAD D:/STM/STM32CubeIDE_1.16.0/STM32CubeIDE/plugins/com.st.stm32cube.ide.mcu.externaltools.gnu-tools-for-stm32.12.3.rel1.win32_1.0.200.202406191623/tools/bin/../lib/gcc/arm-none-eabi/12.3.1/../../../../arm-none-eabi/lib/thumb/v7e-m+dp/hard\libm.a
LOAD D:/STM/STM32CubeIDE_1.16.0/STM32CubeIDE/plugins/com.st.stm32cube.ide.mcu.externaltools.gnu-tools-for-stm32.12.3.rel1.win32_1.0.200.202406191623/tools/bin/../lib/gcc/arm-none-eabi/12.3.1/thumb/v7e-m+dp/hard\libgcc.a

.debug_info     0x00000000     0xb553
 .debug_info    0x00000000      0xdb0 ./Common/Src/system_stm32h7xx_dualcore_boot_cm4_cm7.o
 .debug_info    0x00000db0     0x131c ./Core/Src/main.o
 .debug_info    0x000020cc      0x20b ./Core/Src/mx574.o
 .debug_info    0x000022d7     0x1075 ./Core/Src/stm32h7xx_hal_msp.o
 .debug_info    0x0000334c      0x128 ./Core/Src/stm32h7xx_it.o
 .debug_info    0x00003474       0x30 ./Core/Startup/startup_stm32h745zitx.o
 .debug_info    0x000034a4     0x1774 ./Drivers/STM32H7xx_HAL_Driver/stm32h7xx_hal.o
 .debug_info    0x00004c18     0x10ca ./Drivers/STM32H7xx_HAL_Driver/stm32h7xx_hal_cortex.o
 .debug_info    0x00005ce2      0xcf7 ./Drivers/STM32H7xx_HAL_Driver/stm32h7xx_hal_gpio.o
 .debug_info    0x000069d9      0x3d3 ./Drivers/STM32H7xx_HAL_Driver/stm32h7xx_hal_hsem.o
 .debug_info    0x00006dac     0x121b ./Drivers/STM32H7xx_HAL_Driver/stm32h7xx_hal_pwr_ex.o
 .debug_info    0x00007fc7      0xe58 ./Drivers/STM32H7xx_HAL_Driver/stm32h7xx_hal_rcc.o
 .debug_info    0x00008e1f     0x12f4 ./Drivers/STM32H7xx_HAL_Driver/stm32h7xx_hal_rcc_ex.o
 .debug_info    0x0000a113     0x1440 ./Drivers/STM32H7xx_HAL_Driver/stm32h7xx_hal_spi.o

.debug_abbrev   0x00000000     0x1c2e
 .debug_abbrev  0x00000000      0x14c ./Common/Src/system_stm32h7xx_dualcore_boot_cm4_cm7.o
 .debug_abbrev  0x0000014c      0x2ea ./Core/Src/main.o
 .debug_abbrev  0x00000436      0x103 ./Core/Src/mx574.o
 .debug_abbrev  0x00000539      0x206 ./Core/Src/stm32h7xx_hal_msp.o
 .debug_abbrev  0x0000073f       0x73 ./Core/Src/stm32h7xx_it.o
 .debug_abbrev  0x000007b2       0x24 ./Core/Startup/startup_stm32h745zitx.o
 .debug_abbrev  0x000007d6      0x295 ./Drivers/STM32H7xx_HAL_Driver/stm32h7xx_hal.o
 .debug_abbrev  0x00000a6b      0x339 ./Drivers/STM32H7xx_HAL_Driver/stm32h7xx_hal_cortex.o
 .debug_abbrev  0x00000da4      0x1fe ./Drivers/STM32H7xx_HAL_Driver/stm32h7xx_hal_gpio.o
 .debug_abbrev  0x00000fa2      0x1d3 ./Drivers/STM32H7xx_HAL_Driver/stm32h7xx_hal_hsem.o
 .debug_abbrev  0x00001175      0x2d7 ./Drivers/STM32H7xx_HAL_Driver/stm32h7xx_hal_pwr_ex.o
 .debug_abbrev  0x0000144c      0x2c8 ./Drivers/STM32H7xx_HAL_Driver/stm32h7xx_hal_rcc.o
 .debug_abbrev  0x00001714      0x269 ./Drivers/STM32H7xx_HAL_Driver/stm32h7xx_hal_rcc_ex.o
 .debug_abbrev  0x0000197d      0x2b1 ./Drivers/STM32H7xx_HAL_Driver/stm32h7xx_hal_spi.o

.debug_aranges  0x00000000      0x9e0
 .debug_aranges
                0x00000000       0x28 ./Common/Src/system_stm32h7xx_dualcore_boot_cm4_cm7.o
 .debug_aranges
                0x00000028       0x40 ./Core/Src/main.o
 .debug_aranges
                0x00000068       0x28 ./Core/Src/mx574.o
 .debug_aranges
                0x00000090       0x30 ./Core/Src/stm32h7xx_hal_msp.o
 .debug_aranges
                0x000000c0       0x60 ./Core/Src/stm32h7xx_it.o
 .debug_aranges
                0x00000120       0x28 ./Core/Startup/startup_stm32h745zitx.o
 .debug_aranges
                0x00000148      0x200 ./Drivers/STM32H7xx_HAL_Driver/stm32h7xx_hal.o
 .debug_aranges
                0x00000348      0x130 ./Drivers/STM32H7xx_HAL_Driver/stm32h7xx_hal_cortex.o
 .debug_aranges
                0x00000478       0x58 ./Drivers/STM32H7xx_HAL_Driver/stm32h7xx_hal_gpio.o
 .debug_aranges
                0x000004d0       0x70 ./Drivers/STM32H7xx_HAL_Driver/stm32h7xx_hal_hsem.o
 .debug_aranges
                0x00000540      0x170 ./Drivers/STM32H7xx_HAL_Driver/stm32h7xx_hal_pwr_ex.o
 .debug_aranges
                0x000006b0       0x88 ./Drivers/STM32H7xx_HAL_Driver/stm32h7xx_hal_rcc.o
 .debug_aranges
                0x00000738      0x100 ./Drivers/STM32H7xx_HAL_Driver/stm32h7xx_hal_rcc_ex.o
 .debug_aranges
                0x00000838      0x1a8 ./Drivers/STM32H7xx_HAL_Driver/stm32h7xx_hal_spi.o

.debug_rnglists
                0x00000000      0x75b
 .debug_rnglists
                0x00000000       0x1b ./Common/Src/system_stm32h7xx_dualcore_boot_cm4_cm7.o
 .debug_rnglists
                0x0000001b       0x2f ./Core/Src/main.o
 .debug_rnglists
                0x0000004a       0x1a ./Core/Src/mx574.o
 .debug_rnglists
                0x00000064       0x20 ./Core/Src/stm32h7xx_hal_msp.o
 .debug_rnglists
                0x00000084       0x43 ./Core/Src/stm32h7xx_it.o
 .debug_rnglists
                0x000000c7       0x19 ./Core/Startup/startup_stm32h745zitx.o
 .debug_rnglists
                0x000000e0      0x180 ./Drivers/STM32H7xx_HAL_Driver/stm32h7xx_hal.o
 .debug_rnglists
                0x00000260       0xe0 ./Drivers/STM32H7xx_HAL_Driver/stm32h7xx_hal_cortex.o
 .debug_rnglists
                0x00000340       0x3f ./Drivers/STM32H7xx_HAL_Driver/stm32h7xx_hal_gpio.o
 .debug_rnglists
                0x0000037f       0x4f ./Drivers/STM32H7xx_HAL_Driver/stm32h7xx_hal_hsem.o
 .debug_rnglists
                0x000003ce      0x117 ./Drivers/STM32H7xx_HAL_Driver/stm32h7xx_hal_pwr_ex.o
 .debug_rnglists
                0x000004e5       0x68 ./Drivers/STM32H7xx_HAL_Driver/stm32h7xx_hal_rcc.o
 .debug_rnglists
                0x0000054d       0xc6 ./Drivers/STM32H7xx_HAL_Driver/stm32h7xx_hal_rcc_ex.o
 .debug_rnglists
                0x00000613      0x148 ./Drivers/STM32H7xx_HAL_Driver/stm32h7xx_hal_spi.o

.debug_macro    0x00000000    0x386ec
 .debug_macro   0x00000000      0x29a ./Common/Src/system_stm32h7xx_dualcore_boot_cm4_cm7.o
 .debug_macro   0x0000029a      0xad2 ./Common/Src/system_stm32h7xx_dualcore_boot_cm4_cm7.o
 .debug_macro   0x00000d6c       0x2e ./Common/Src/system_stm32h7xx_dualcore_boot_cm4_cm7.o
 .debug_macro   0x00000d9a       0x49 ./Common/Src/system_stm32h7xx_dualcore_boot_cm4_cm7.o
 .debug_macro   0x00000de3       0x22 ./Common/Src/system_stm32h7xx_dualcore_boot_cm4_cm7.o
 .debug_macro   0x00000e05       0x8e ./Common/Src/system_stm32h7xx_dualcore_boot_cm4_cm7.o
 .debug_macro   0x00000e93       0x51 ./Common/Src/system_stm32h7xx_dualcore_boot_cm4_cm7.o
 .debug_macro   0x00000ee4      0x103 ./Common/Src/system_stm32h7xx_dualcore_boot_cm4_cm7.o
 .debug_macro   0x00000fe7       0x6a ./Common/Src/system_stm32h7xx_dualcore_boot_cm4_cm7.o
 .debug_macro   0x00001051      0x1df ./Common/Src/system_stm32h7xx_dualcore_boot_cm4_cm7.o
 .debug_macro   0x00001230       0x1c ./Common/Src/system_stm32h7xx_dualcore_boot_cm4_cm7.o
 .debug_macro   0x0000124c       0x22 ./Common/Src/system_stm32h7xx_dualcore_boot_cm4_cm7.o
 .debug_macro   0x0000126e       0xfb ./Common/Src/system_stm32h7xx_dualcore_boot_cm4_cm7.o
 .debug_macro   0x00001369     0x1305 ./Common/Src/system_stm32h7xx_dualcore_boot_cm4_cm7.o
 .debug_macro   0x0000266e      0x11f ./Common/Src/system_stm32h7xx_dualcore_boot_cm4_cm7.o
 .debug_macro   0x0000278d       0x27 ./Common/Src/system_stm32h7xx_dualcore_boot_cm4_cm7.o
 .debug_macro   0x000027b4    0x26dc1 ./Common/Src/system_stm32h7xx_dualcore_boot_cm4_cm7.o
 .debug_macro   0x00029575       0x6d ./Common/Src/system_stm32h7xx_dualcore_boot_cm4_cm7.o
 .debug_macro   0x000295e2      0x232 ./Common/Src/system_stm32h7xx_dualcore_boot_cm4_cm7.o
 .debug_macro   0x00029814     0x3d79 ./Common/Src/system_stm32h7xx_dualcore_boot_cm4_cm7.o
 .debug_macro   0x0002d58d      0x189 ./Common/Src/system_stm32h7xx_dualcore_boot_cm4_cm7.o
 .debug_macro   0x0002d716       0x61 ./Common/Src/system_stm32h7xx_dualcore_boot_cm4_cm7.o
 .debug_macro   0x0002d777       0x29 ./Common/Src/system_stm32h7xx_dualcore_boot_cm4_cm7.o
 .debug_macro   0x0002d7a0       0x43 ./Common/Src/system_stm32h7xx_dualcore_boot_cm4_cm7.o
 .debug_macro   0x0002d7e3       0x34 ./Common/Src/system_stm32h7xx_dualcore_boot_cm4_cm7.o
 .debug_macro   0x0002d817       0x16 ./Common/Src/system_stm32h7xx_dualcore_boot_cm4_cm7.o
 .debug_macro   0x0002d82d       0x43 ./Common/Src/system_stm32h7xx_dualcore_boot_cm4_cm7.o
 .debug_macro   0x0002d870       0x34 ./Common/Src/system_stm32h7xx_dualcore_boot_cm4_cm7.o
 .debug_macro   0x0002d8a4       0x10 ./Common/Src/system_stm32h7xx_dualcore_boot_cm4_cm7.o
 .debug_macro   0x0002d8b4       0x58 ./Common/Src/system_stm32h7xx_dualcore_boot_cm4_cm7.o
 .debug_macro   0x0002d90c       0x8e ./Common/Src/system_stm32h7xx_dualcore_boot_cm4_cm7.o
 .debug_macro   0x0002d99a       0x1c ./Common/Src/system_stm32h7xx_dualcore_boot_cm4_cm7.o
 .debug_macro   0x0002d9b6      0x177 ./Common/Src/system_stm32h7xx_dualcore_boot_cm4_cm7.o
 .debug_macro   0x0002db2d      0x369 ./Common/Src/system_stm32h7xx_dualcore_boot_cm4_cm7.o
 .debug_macro   0x0002de96      0x19b ./Common/Src/system_stm32h7xx_dualcore_boot_cm4_cm7.o
 .debug_macro   0x0002e031       0x5d ./Common/Src/system_stm32h7xx_dualcore_boot_cm4_cm7.o
 .debug_macro   0x0002e08e     0x3a9d ./Common/Src/system_stm32h7xx_dualcore_boot_cm4_cm7.o
 .debug_macro   0x00031b2b     0x1072 ./Common/Src/system_stm32h7xx_dualcore_boot_cm4_cm7.o
 .debug_macro   0x00032b9d      0x154 ./Common/Src/system_stm32h7xx_dualcore_boot_cm4_cm7.o
 .debug_macro   0x00032cf1      0x130 ./Common/Src/system_stm32h7xx_dualcore_boot_cm4_cm7.o
 .debug_macro   0x00032e21      0x3c2 ./Common/Src/system_stm32h7xx_dualcore_boot_cm4_cm7.o
 .debug_macro   0x000331e3       0xac ./Common/Src/system_stm32h7xx_dualcore_boot_cm4_cm7.o
 .debug_macro   0x0003328f      0x72d ./Common/Src/system_stm32h7xx_dualcore_boot_cm4_cm7.o
 .debug_macro   0x000339bc      0x228 ./Common/Src/system_stm32h7xx_dualcore_boot_cm4_cm7.o
 .debug_macro   0x00033be4       0x66 ./Common/Src/system_stm32h7xx_dualcore_boot_cm4_cm7.o
 .debug_macro   0x00033c4a      0x3bb ./Common/Src/system_stm32h7xx_dualcore_boot_cm4_cm7.o
 .debug_macro   0x00034005      0x407 ./Common/Src/system_stm32h7xx_dualcore_boot_cm4_cm7.o
 .debug_macro   0x0003440c      0x27c ./Common/Src/system_stm32h7xx_dualcore_boot_cm4_cm7.o
 .debug_macro   0x00034688      0x3ca ./Common/Src/system_stm32h7xx_dualcore_boot_cm4_cm7.o
 .debug_macro   0x00034a52      0x4a2 ./Common/Src/system_stm32h7xx_dualcore_boot_cm4_cm7.o
 .debug_macro   0x00034ef4       0x51 ./Common/Src/system_stm32h7xx_dualcore_boot_cm4_cm7.o
 .debug_macro   0x00034f45       0x4a ./Common/Src/system_stm32h7xx_dualcore_boot_cm4_cm7.o
 .debug_macro   0x00034f8f      0x22c ./Common/Src/system_stm32h7xx_dualcore_boot_cm4_cm7.o
 .debug_macro   0x000351bb       0x67 ./Common/Src/system_stm32h7xx_dualcore_boot_cm4_cm7.o
 .debug_macro   0x00035222       0xa5 ./Common/Src/system_stm32h7xx_dualcore_boot_cm4_cm7.o
 .debug_macro   0x000352c7      0x218 ./Common/Src/system_stm32h7xx_dualcore_boot_cm4_cm7.o
 .debug_macro   0x000354df      0x2ea ./Common/Src/system_stm32h7xx_dualcore_boot_cm4_cm7.o
 .debug_macro   0x000357c9       0x35 ./Common/Src/system_stm32h7xx_dualcore_boot_cm4_cm7.o
 .debug_macro   0x000357fe      0x5e4 ./Common/Src/system_stm32h7xx_dualcore_boot_cm4_cm7.o
 .debug_macro   0x00035de2       0xc1 ./Common/Src/system_stm32h7xx_dualcore_boot_cm4_cm7.o
 .debug_macro   0x00035ea3      0x798 ./Common/Src/system_stm32h7xx_dualcore_boot_cm4_cm7.o
 .debug_macro   0x0003663b      0x2dc ./Core/Src/main.o
 .debug_macro   0x00036917      0x2e0 ./Core/Src/mx574.o
 .debug_macro   0x00036bf7      0x2a4 ./Core/Src/stm32h7xx_hal_msp.o
 .debug_macro   0x00036e9b      0x2ae ./Core/Src/stm32h7xx_it.o
 .debug_macro   0x00037149      0x2c4 ./Drivers/STM32H7xx_HAL_Driver/stm32h7xx_hal.o
 .debug_macro   0x0003740d      0x29a ./Drivers/STM32H7xx_HAL_Driver/stm32h7xx_hal_cortex.o
 .debug_macro   0x000376a7      0x2ae ./Drivers/STM32H7xx_HAL_Driver/stm32h7xx_hal_gpio.o
 .debug_macro   0x00037955      0x2ac ./Drivers/STM32H7xx_HAL_Driver/stm32h7xx_hal_hsem.o
 .debug_macro   0x00037c01      0x2d3 ./Drivers/STM32H7xx_HAL_Driver/stm32h7xx_hal_pwr_ex.o
 .debug_macro   0x00037ed4      0x2be ./Drivers/STM32H7xx_HAL_Driver/stm32h7xx_hal_rcc.o
 .debug_macro   0x00038192      0x2b8 ./Drivers/STM32H7xx_HAL_Driver/stm32h7xx_hal_rcc_ex.o
 .debug_macro   0x0003844a      0x2a2 ./Drivers/STM32H7xx_HAL_Driver/stm32h7xx_hal_spi.o

.debug_line     0x00000000     0xceda
 .debug_line    0x00000000      0xac2 ./Common/Src/system_stm32h7xx_dualcore_boot_cm4_cm7.o
 .debug_line    0x00000ac2      0xabb ./Core/Src/main.o
 .debug_line    0x0000157d      0x93b ./Core/Src/mx574.o
 .debug_line    0x00001eb8      0x921 ./Core/Src/stm32h7xx_hal_msp.o
 .debug_line    0x000027d9      0x985 ./Core/Src/stm32h7xx_it.o
 .debug_line    0x0000315e       0x7a ./Core/Startup/startup_stm32h745zitx.o
 .debug_line    0x000031d8      0xff2 ./Drivers/STM32H7xx_HAL_Driver/stm32h7xx_hal.o
 .debug_line    0x000041ca      0xece ./Drivers/STM32H7xx_HAL_Driver/stm32h7xx_hal_cortex.o
 .debug_line    0x00005098      0xd6b ./Drivers/STM32H7xx_HAL_Driver/stm32h7xx_hal_gpio.o
 .debug_line    0x00005e03      0xa5b ./Drivers/STM32H7xx_HAL_Driver/stm32h7xx_hal_hsem.o
 .debug_line    0x0000685e     0x10d3 ./Drivers/STM32H7xx_HAL_Driver/stm32h7xx_hal_pwr_ex.o
 .debug_line    0x00007931     0x1463 ./Drivers/STM32H7xx_HAL_Driver/stm32h7xx_hal_rcc.o
 .debug_line    0x00008d94     0x1d93 ./Drivers/STM32H7xx_HAL_Driver/stm32h7xx_hal_rcc_ex.o
 .debug_line    0x0000ab27     0x23b3 ./Drivers/STM32H7xx_HAL_Driver/stm32h7xx_hal_spi.o

.debug_str      0x00000000   0x174441
 .debug_str     0x00000000   0x1706ed ./Common/Src/system_stm32h7xx_dualcore_boot_cm4_cm7.o
                             0x170b5d (size before relaxing)
 .debug_str     0x001706ed      0x9af ./Core/Src/main.o
                             0x17119a (size before relaxing)
 .debug_str     0x0017109c      0x124 ./Core/Src/mx574.o
                             0x1706bc (size before relaxing)
 .debug_str     0x001711c0      0x383 ./Core/Src/stm32h7xx_hal_msp.o
                             0x1711e0 (size before relaxing)
 .debug_str     0x00171543       0xc9 ./Core/Src/stm32h7xx_it.o
                             0x1705e1 (size before relaxing)
 .debug_str     0x0017160c       0x44 ./Core/Startup/startup_stm32h745zitx.o
                                 0x71 (size before relaxing)
 .debug_str     0x00171650     0x119c ./Drivers/STM32H7xx_HAL_Driver/stm32h7xx_hal.o
                             0x171c01 (size before relaxing)
 .debug_str     0x001727ec      0x3a1 ./Drivers/STM32H7xx_HAL_Driver/stm32h7xx_hal_cortex.o
                             0x171468 (size before relaxing)
 .debug_str     0x00172b8d      0x17d ./Drivers/STM32H7xx_HAL_Driver/stm32h7xx_hal_gpio.o
                             0x170b02 (size before relaxing)
 .debug_str     0x00172d0a      0x206 ./Drivers/STM32H7xx_HAL_Driver/stm32h7xx_hal_hsem.o
                             0x17078d (size before relaxing)
 .debug_str     0x00172f10      0x69f ./Drivers/STM32H7xx_HAL_Driver/stm32h7xx_hal_pwr_ex.o
                             0x17100d (size before relaxing)
 .debug_str     0x001735af      0x24e ./Drivers/STM32H7xx_HAL_Driver/stm32h7xx_hal_rcc.o
                             0x170e83 (size before relaxing)
 .debug_str     0x001737fd      0x68f ./Drivers/STM32H7xx_HAL_Driver/stm32h7xx_hal_rcc_ex.o
                             0x1713b8 (size before relaxing)
 .debug_str     0x00173e8c      0x5b5 ./Drivers/STM32H7xx_HAL_Driver/stm32h7xx_hal_spi.o
                             0x171194 (size before relaxing)

.comment        0x00000000       0x43
 .comment       0x00000000       0x43 ./Common/Src/system_stm32h7xx_dualcore_boot_cm4_cm7.o
                                 0x44 (size before relaxing)
 .comment       0x00000043       0x44 ./Core/Src/main.o
 .comment       0x00000043       0x44 ./Core/Src/mx574.o
 .comment       0x00000043       0x44 ./Core/Src/stm32h7xx_hal_msp.o
 .comment       0x00000043       0x44 ./Core/Src/stm32h7xx_it.o
 .comment       0x00000043       0x44 ./Drivers/STM32H7xx_HAL_Driver/stm32h7xx_hal.o
 .comment       0x00000043       0x44 ./Drivers/STM32H7xx_HAL_Driver/stm32h7xx_hal_cortex.o
 .comment       0x00000043       0x44 ./Drivers/STM32H7xx_HAL_Driver/stm32h7xx_hal_gpio.o
 .comment       0x00000043       0x44 ./Drivers/STM32H7xx_HAL_Driver/stm32h7xx_hal_hsem.o
 .comment       0x00000043       0x44 ./Drivers/STM32H7xx_HAL_Driver/stm32h7xx_hal_pwr_ex.o
 .comment       0x00000043       0x44 ./Drivers/STM32H7xx_HAL_Driver/stm32h7xx_hal_rcc.o
 .comment       0x00000043       0x44 ./Drivers/STM32H7xx_HAL_Driver/stm32h7xx_hal_rcc_ex.o
 .comment       0x00000043       0x44 ./Drivers/STM32H7xx_HAL_Driver/stm32h7xx_hal_spi.o

.debug_frame    0x00000000     0x2750
 .debug_frame   0x00000000       0x58 ./Common/Src/system_stm32h7xx_dualcore_boot_cm4_cm7.o
 .debug_frame   0x00000058       0xac ./Core/Src/main.o
 .debug_frame   0x00000104       0x58 ./Core/Src/mx574.o
 .debug_frame   0x0000015c       0x84 ./Core/Src/stm32h7xx_hal_msp.o
 .debug_frame   0x000001e0      0x104 ./Core/Src/stm32h7xx_it.o
 .debug_frame   0x000002e4      0x848 ./Drivers/STM32H7xx_HAL_Driver/stm32h7xx_hal.o
 .debug_frame   0x00000b2c      0x508 ./Drivers/STM32H7xx_HAL_Driver/stm32h7xx_hal_cortex.o
 .debug_frame   0x00001034      0x14c ./Drivers/STM32H7xx_HAL_Driver/stm32h7xx_hal_gpio.o
 .debug_frame   0x00001180      0x1bc ./Drivers/STM32H7xx_HAL_Driver/stm32h7xx_hal_hsem.o
 .debug_frame   0x0000133c      0x5ec ./Drivers/STM32H7xx_HAL_Driver/stm32h7xx_hal_pwr_ex.o
 .debug_frame   0x00001928      0x1f8 ./Drivers/STM32H7xx_HAL_Driver/stm32h7xx_hal_rcc.o
 .debug_frame   0x00001b20      0x43c ./Drivers/STM32H7xx_HAL_Driver/stm32h7xx_hal_rcc_ex.o
 .debug_frame   0x00001f5c      0x7a8 ./Drivers/STM32H7xx_HAL_Driver/stm32h7xx_hal_spi.o
 .debug_frame   0x00002704       0x20 D:/STM/STM32CubeIDE_1.16.0/STM32CubeIDE/plugins/com.st.stm32cube.ide.mcu.externaltools.gnu-tools-for-stm32.12.3.rel1.win32_1.0.200.202406191623/tools/bin/../lib/gcc/arm-none-eabi/12.3.1/../../../../arm-none-eabi/lib/thumb/v7e-m+dp/hard\libc_nano.a(libc_a-memset.o)
 .debug_frame   0x00002724       0x2c D:/STM/STM32CubeIDE_1.16.0/STM32CubeIDE/plugins/com.st.stm32cube.ide.mcu.externaltools.gnu-tools-for-stm32.12.3.rel1.win32_1.0.200.202406191623/tools/bin/../lib/gcc/arm-none-eabi/12.3.1/../../../../arm-none-eabi/lib/thumb/v7e-m+dp/hard\libc_nano.a(libc_a-init.o)

.debug_line_str
                0x00000000       0x55
 .debug_line_str
                0x00000000       0x55 ./Core/Startup/startup_stm32h745zitx.o
